[
  {
    "slug": "trelix",
    "width": 390,
    "listCount": 4,
    "itemCount": 20,
    "overflow": 0,
    "firstListHeight": 462,
    "codes": [
      {
        "text": "callee_type_hint",
        "display": "inline",
        "height": 22,
        "lineHeight": "20.4px"
      },
      {
        "text": ".trelix/index.db",
        "display": "inline",
        "height": 22,
        "lineHeight": "20.4px"
      },
      {
        "text": ".gitignore",
        "display": "inline",
        "height": 22,
        "lineHeight": "20.4px"
      },
      {
        "text": "callee_type_hint",
        "display": "inline",
        "height": 22,
        "lineHeight": "20.4px"
      },
      {
        "text": ".trelix/index.db",
        "display": "inline",
        "height": 22,
        "lineHeight": "20.4px"
      },
      {
        "text": "k=60",
        "display": "inline",
        "height": 22,
        "lineHeight": "20.4px"
      },
      {
        "text": ".trelix/index.db",
        "display": "inline",
        "height": 22,
        "lineHeight": "20.4px"
      },
      {
        "text": "feature_flow",
        "display": "inline",
        "height": 22,
        "lineHeight": "20.4px"
      },
      {
        "text": "feature_flow",
        "display": "inline",
        "height": 22,
        "lineHeight": "20.4px"
      }
    ],
    "bullet": {
      "color": "rgb(56, 225, 255)",
      "width": "4px",
      "height": "4px"
    },
    "displays": [
      "list-item"
    ]
  },
  {
    "slug": "trelix",
    "width": 1440,
    "listCount": 4,
    "itemCount": 20,
    "overflow": 0,
    "firstListHeight": 318,
    "codes": [
      {
        "text": "callee_type_hint",
        "display": "inline",
        "height": 22,
        "lineHeight": "20.4px"
      },
      {
        "text": ".trelix/index.db",
        "display": "inline",
        "height": 22,
        "lineHeight": "20.4px"
      },
      {
        "text": ".gitignore",
        "display": "inline",
        "height": 22,
        "lineHeight": "20.4px"
      },
      {
        "text": "callee_type_hint",
        "display": "inline",
        "height": 22,
        "lineHeight": "20.4px"
      },
      {
        "text": ".trelix/index.db",
        "display": "inline",
        "height": 22,
        "lineHeight": "20.4px"
      },
      {
        "text": "k=60",
        "display": "inline",
        "height": 22,
        "lineHeight": "20.4px"
      },
      {
        "text": ".trelix/index.db",
        "display": "inline",
        "height": 22,
        "lineHeight": "20.4px"
      },
      {
        "text": "feature_flow",
        "display": "inline",
        "height": 22,
        "lineHeight": "20.4px"
      },
      {
        "text": "feature_flow",
        "display": "inline",
        "height": 22,
        "lineHeight": "20.4px"
      }
    ],
    "bullet": {
      "color": "rgb(56, 225, 255)",
      "width": "4px",
      "height": "4px"
    },
    "displays": [
      "list-item"
    ]
  },
  {
    "slug": "tombstone",
    "width": 390,
    "listCount": 1,
    "itemCount": 7,
    "overflow": 0,
    "firstListHeight": 516,
    "codes": [
      {
        "text": "@flagmind/eval",
        "display": "inline",
        "height": 22,
        "lineHeight": "20.4px"
      }
    ],
    "bullet": {
      "color": "rgb(56, 225, 255)",
      "width": "4px",
      "height": "4px"
    },
    "displays": [
      "list-item"
    ]
  },
  {
    "slug": "tombstone",
    "width": 1440,
    "listCount": 1,
    "itemCount": 7,
    "overflow": 0,
    "firstListHeight": 348,
    "codes": [
      {
        "text": "@flagmind/eval",
        "display": "inline",
        "height": 22,
        "lineHeight": "20.4px"
      }
    ],
    "bullet": {
      "color": "rgb(56, 225, 255)",
      "width": "4px",
      "height": "4px"
    },
    "displays": [
      "list-item"
    ]
  }
]
